[htmldemo.net/bucker/bucker/index.html]
[backblue.gif]
[fade.gif]
[index.html]
[htmldemo.net/bucker/bucker/Replace_with_your_PAGE_URL]
[hasthemes.com/wp-content/uploads/2019/04/cropped-favicon-32x32.webp]
[hasthemes.com/wp-content/uploads/2019/04/cropped-favicon-192x192.webp]
[hasthemes.com/wp-content/uploads/2019/04/cropped-favicon-180x180.png]
[hasthemes.com/wp-content/uploads/2019/04/cropped-favicon-270x270.png]
[htmldemo.net/bucker/bucker/assets/css/vendor/bootstrap.min.css]
[htmldemo.net/bucker/bucker/assets/css/slick.css]
[htmldemo.net/bucker/bucker/assets/css/owl.carousel.min.css]
[htmldemo.net/bucker/bucker/assets/css/ionicons.min.css]
[htmldemo.net/bucker/bucker/assets/css/pe-icon-7-stroke.css]
[htmldemo.net/bucker/bucker/assets/css/animate.css]
[htmldemo.net/bucker/bucker/assets/css/nice-select.css]
[htmldemo.net/bucker/bucker/assets/css/magnific-popup.css]
[htmldemo.net/bucker/bucker/assets/css/jquery-ui.min.css]
[htmldemo.net/bucker/bucker/assets/css/style.css]
[htmldemo.net/bucker/bucker/assets/js/vendor/modernizr-3.11.2.min.js]
[htmldemo.net/bucker/bucker/index-2.html]
[htmldemo.net/bucker/bucker/about.html]
[htmldemo.net/bucker/bucker/faq.html]
[htmldemo.net/bucker/bucker/404.html]
[htmldemo.net/bucker/bucker/shop-fullwidth.html]
[htmldemo.net/bucker/bucker/shop-left-sidebar.html]
[htmldemo.net/bucker/bucker/shop-right-sidebar.html]
[htmldemo.net/bucker/bucker/shop-list-fullwidth.html]
[htmldemo.net/bucker/bucker/shop-list-left-sidebar.html]
[htmldemo.net/bucker/bucker/shop-list-right-sidebar.html]
[htmldemo.net/bucker/bucker/single-product.html]
[htmldemo.net/bucker/bucker/single-product-group.html]
[htmldemo.net/bucker/bucker/single-product-variable.html]
[htmldemo.net/bucker/bucker/single-product-sale.html]
[htmldemo.net/bucker/bucker/single-product-sticky.html]
[htmldemo.net/bucker/bucker/single-product-affiliate.html]
[htmldemo.net/bucker/bucker/my-account.html]
[htmldemo.net/bucker/bucker/login-register.html]
[htmldemo.net/bucker/bucker/cart.html]
[htmldemo.net/bucker/bucker/wishlist.html]
[htmldemo.net/bucker/bucker/compare.html]
[htmldemo.net/bucker/bucker/checkout.html]
[htmldemo.net/bucker/bucker/blog-fullwidth.html]
[htmldemo.net/bucker/bucker/blog-left-sidebar.html]
[htmldemo.net/bucker/bucker/blog-right-sidebar.html]
[htmldemo.net/bucker/bucker/blog-list-left-sidebar.html]
[htmldemo.net/bucker/bucker/blog-list-right-sidebar.html]
[htmldemo.net/bucker/bucker/blog-list-fullwidth.html]
[htmldemo.net/bucker/bucker/blog-detail-fullwidth.html]
[htmldemo.net/bucker/bucker/blog-detail-left-sidebar.html]
[htmldemo.net/bucker/bucker/blog-detail-right-sidebar.html]
[htmldemo.net/bucker/bucker/contact.html]
[htmldemo.net/bucker/bucker/assets/img/logo/logo.png]
[htmldemo.net/bucker/bucker/assets/img/product/product1.png]
[htmldemo.net/bucker/bucker/assets/img/product/product2.png]
[htmldemo.net/bucker/bucker/assets/img/bg/hero-banner-shape.png]
[htmldemo.net/bucker/bucker/assets/img/others/hero-mini-shape1.png]
[htmldemo.net/bucker/bucker/assets/img/others/hero-mini-shape2.png]
[htmldemo.net/bucker/bucker/assets/img/others/hero-mini-shape3.png]
[htmldemo.net/bucker/bucker/assets/img/others/hero-mini-shape4.png]
[htmldemo.net/bucker/bucker/assets/img/others/hero-mini-shape5.png]
[htmldemo.net/bucker/bucker/assets/img/others/services1.png]
[htmldemo.net/bucker/bucker/assets/img/others/services2.png]
[htmldemo.net/bucker/bucker/assets/img/others/services3.png]
[htmldemo.net/bucker/bucker/assets/img/others/services4.png]
[htmldemo.net/bucker/bucker/assets/img/bg/banner1.png]
[htmldemo.net/bucker/bucker/assets/img/bg/banner2.png]
[htmldemo.net/bucker/bucker/assets/img/product/product3.png]
[htmldemo.net/bucker/bucker/assets/img/product/product4.png]
[htmldemo.net/bucker/bucker/assets/img/product/product5.png]
[htmldemo.net/bucker/bucker/assets/img/product/product6.png]
[htmldemo.net/bucker/bucker/assets/img/product/product7.png]
[htmldemo.net/bucker/bucker/assets/img/bg/banner-fullwidth1.png]
[htmldemo.net/bucker/bucker/assets/img/others/brand1.png]
[htmldemo.net/bucker/bucker/assets/img/others/brand-hover1.png]
[htmldemo.net/bucker/bucker/assets/img/others/brand2.png]
[htmldemo.net/bucker/bucker/assets/img/others/brand-hover2.png]
[htmldemo.net/bucker/bucker/assets/img/others/brand3.png]
[htmldemo.net/bucker/bucker/assets/img/others/brand-hover3.png]
[htmldemo.net/bucker/bucker/assets/img/others/brand4.png]
[htmldemo.net/bucker/bucker/assets/img/others/brand-hover4.png]
[htmldemo.net/bucker/bucker/assets/img/others/brand5.png]
[htmldemo.net/bucker/bucker/assets/img/others/brand-hover5.png]
[htmldemo.net/bucker/bucker/assets/img/blog/blog1.png]
[htmldemo.net/bucker/bucker/assets/img/others/meta-img1.png]
[htmldemo.net/bucker/bucker/assets/img/blog/blog2.png]
[htmldemo.net/bucker/bucker/assets/img/others/meta-img2.png]
[htmldemo.net/bucker/bucker/assets/img/blog/blog3.png]
[htmldemo.net/bucker/bucker/assets/img/others/meta-img3.png]
[htmldemo.net/bucker/bucker/assets/img/others/shipping1.png]
[htmldemo.net/bucker/bucker/assets/img/others/shipping2.png]
[htmldemo.net/bucker/bucker/assets/img/others/shipping3.png]
[htmldemo.net/bucker/bucker/assets/img/others/paypal.png]
[htmldemo.net/bucker/bucker/assets/img/product/mini-product/product1.png]
[htmldemo.net/bucker/bucker/assets/img/product/mini-product/product2.png]
[htmldemo.net/bucker/bucker/assets/img/product/mini-product/product3.png]
[htmldemo.net/bucker/bucker/assets/img/product/mini-product/product4.png]
[htmldemo.net/bucker/bucker/assets/js/vendor/jquery-3.6.0.min.js]
[htmldemo.net/bucker/bucker/assets/js/vendor/jquery-migrate-3.3.2.min.js]
[htmldemo.net/bucker/bucker/assets/js/vendor/bootstrap.bundle.min.js]
[htmldemo.net/bucker/bucker/assets/js/slick.min.js]
[htmldemo.net/bucker/bucker/assets/js/owl.carousel.min.js]
[htmldemo.net/bucker/bucker/assets/js/wow.min.js]
[htmldemo.net/bucker/bucker/assets/js/jquery.scrollup.min.js]
[htmldemo.net/bucker/bucker/assets/js/jquery.nice-select.js]
[htmldemo.net/bucker/bucker/assets/js/jquery.magnific-popup.min.js]
[htmldemo.net/bucker/bucker/assets/js/mailchimp-ajax.js]
[htmldemo.net/bucker/bucker/assets/js/jquery.zoom.min.js]
[htmldemo.net/bucker/bucker/assets/js/jquery-ui.min.js]
[htmldemo.net/bucker/bucker/index.html]
[htmldemo.net/bucker/bucker/assets/js/main.js]
[gmpg.org/xfn/11.html]
[htmldemo.net/bucker/bucker/Replace_with_your_PAGE_URL.html]
[htmldemo.net/bucker/bucker/assets/img/bg/hero-bg2.png]
[htmldemo.net/bucker/bucker/assets/img/bg/featured-banner1.png]
[htmldemo.net/bucker/bucker/assets/img/bg/featured-banner2.png]
[htmldemo.net/bucker/bucker/assets/img/bg/featured-banner3.png]
[htmldemo.net/bucker/bucker/assets/img/bg/banner3.png]
[htmldemo.net/bucker/bucker/assets/img/bg/banner4.png]
[htmldemo.net/bucker/bucker/assets/img/bg/banner5.png]
[htmldemo.net/bucker/bucker/assets/img/others/services5.png]
[htmldemo.net/bucker/bucker/assets/img/others/services6.png]
[htmldemo.net/bucker/bucker/assets/img/others/services7.png]
[htmldemo.net/bucker/bucker/assets/img/others/services8.png]
[htmldemo.net/bucker/bucker/assets/img/bg/banner-fullwidth2.png]
[htmldemo.net/bucker/bucker/assets/img/others/add-discount.png]
[htmldemo.net/bucker/bucker/index-2.html]
[htmldemo.net/bucker/bucker/assets/img/others/breadcrumbs-bg.png]
[htmldemo.net/bucker/bucker/assets/img/bg/about-bg.png]
[htmldemo.net/bucker/bucker/assets/img/others/video-play.png]
[htmldemo.net/bucker/bucker/assets/img/others/team1.png]
[htmldemo.net/bucker/bucker/assets/img/others/team2.png]
[htmldemo.net/bucker/bucker/assets/img/others/team3.png]
[htmldemo.net/bucker/bucker/assets/img/others/testimonial-bg.png]
[htmldemo.net/bucker/bucker/assets/img/others/testimonial-shap-thumb.png]
[htmldemo.net/bucker/bucker/about.html]
[htmldemo.net/bucker/bucker/faq.html]
[htmldemo.net/bucker/bucker/404.html]
[htmldemo.net/bucker/bucker/assets/img/product/product8.png]
[htmldemo.net/bucker/bucker/assets/img/product/product9.png]
[htmldemo.net/bucker/bucker/assets/img/product/product10.png]
[htmldemo.net/bucker/bucker/assets/img/product/product11.png]
[htmldemo.net/bucker/bucker/assets/img/product/product12.png]
[htmldemo.net/bucker/bucker/shop-fullwidth.html]
[htmldemo.net/bucker/bucker/assets/img/others/product-sidaber-banner.png]
[htmldemo.net/bucker/bucker/shop-left-sidebar.html]
[htmldemo.net/bucker/bucker/shop-right-sidebar.html]
[htmldemo.net/bucker/bucker/shop-list-fullwidth.html]
[htmldemo.net/bucker/bucker/shop-list-left-sidebar.html]
[htmldemo.net/bucker/bucker/shop-list-right-sidebar.html]
[htmldemo.net/bucker/bucker/assets/img/product/mini-product/product5.png]
[htmldemo.net/bucker/bucker/assets/img/product/mini-product/product6.png]
[htmldemo.net/bucker/bucker/assets/img/product/mini-product/product8.png]
[htmldemo.net/bucker/bucker/assets/img/product/mini-product/product7.png]
[htmldemo.net/bucker/bucker/single-product.html]
[htmldemo.net/bucker/bucker/single-product-group.html]
[htmldemo.net/bucker/bucker/single-product-variable.html]
[htmldemo.net/bucker/bucker/single-product-sale.html]
[htmldemo.net/bucker/bucker/single-product-sticky.html]
[htmldemo.net/bucker/bucker/single-product-affiliate.html]
[htmldemo.net/bucker/bucker/my-account.html]
[htmldemo.net/bucker/bucker/login-register.html]
[htmldemo.net/bucker/bucker/cart.html]
[htmldemo.net/bucker/bucker/wishlist.html]
[htmldemo.net/bucker/bucker/compare.html]
[htmldemo.net/bucker/bucker/checkout.html]
[htmldemo.net/bucker/bucker/assets/img/blog/blog4.png]
[htmldemo.net/bucker/bucker/assets/img/blog/blog5.png]
[htmldemo.net/bucker/bucker/assets/img/blog/blog6.png]
[htmldemo.net/bucker/bucker/blog-fullwidth.html]
[htmldemo.net/bucker/bucker/assets/img/blog/blog-small1.png]
[htmldemo.net/bucker/bucker/assets/img/blog/blog-small2.png]
[htmldemo.net/bucker/bucker/assets/img/blog/blog-small3.png]
[htmldemo.net/bucker/bucker/assets/img/blog/blog-small4.png]
[htmldemo.net/bucker/bucker/blog-left-sidebar.html]
[htmldemo.net/bucker/bucker/blog-right-sidebar.html]
[htmldemo.net/bucker/bucker/blog-list-left-sidebar.html]
[htmldemo.net/bucker/bucker/blog-list-right-sidebar.html]
[htmldemo.net/bucker/bucker/blog-list-fullwidth.html]
[htmldemo.net/bucker/bucker/assets/img/blog/blog-sticky.png]
[htmldemo.net/bucker/bucker/assets/img/blog/blockcode-bg.png]
[htmldemo.net/bucker/bucker/assets/img/blog/post-comment1.png]
[htmldemo.net/bucker/bucker/assets/img/blog/post-comment2.png]
[htmldemo.net/bucker/bucker/assets/img/blog/post-comment3.png]
[htmldemo.net/bucker/bucker/blog-detail-fullwidth.html]
[htmldemo.net/bucker/bucker/blog-detail-left-sidebar.html]
[htmldemo.net/bucker/bucker/blog-detail-right-sidebar.html]
[htmldemo.net/bucker/bucker/assets/img/others/contact-form-bg-shape.png]
[htmldemo.net/bucker/bucker/contact.html]
[gmpg.org/xfn/.html]
[gmpg.org/xfn/intro.html]
[gmpg.org/xfn/faq.html]
[htmldemo.net/bucker/bucker/assets/js/ajax-mail.js]
[htmldemo.net/bucker/bucker/assets/img/bg/hero-banner-shape.png]
[htmldemo.net/bucker/bucker/assets/img/product/product1.png]
[htmldemo.net/bucker/bucker/assets/js/vendor/modernizr-3.11.2.min.js]
[htmldemo.net/bucker/bucker/assets/img/bg/banner2.png]
[htmldemo.net/bucker/bucker/assets/css/vendor/bootstrap.min.css]
[htmldemo.net/bucker/bucker/assets/img/bg/banner-fullwidth1.png]
[htmldemo.net/bucker/bucker/assets/img/blog/blog2.png]
[htmldemo.net/bucker/bucker/assets/css/slick.css]
[htmldemo.net/bucker/bucker/assets/img/blog/blog3.png]
[htmldemo.net/bucker/bucker/assets/img/others/meta-img3.png]
[htmldemo.net/bucker/bucker/assets/img/others/shipping1.png]
[htmldemo.net/bucker/bucker/assets/js/vendor/jquery-3.6.0.min.js]
[htmldemo.net/bucker/bucker/assets/js/vendor/jquery-migrate-3.3.2.min.js]
[htmldemo.net/bucker/bucker/assets/img/icon/owl.video.play.png]
[htmldemo.net/bucker/bucker/assets/css/owl.carousel.min.css]
[htmldemo.net/bucker/bucker/assets/js/owl.carousel.min.js]
[htmldemo.net/bucker/bucker/assets/js/slick.min.js]
[htmldemo.net/bucker/bucker/assets/js/vendor/bootstrap.bundle.min.js]
[htmldemo.net/bucker/bucker/assets/js/wow.min.js]
[htmldemo.net/bucker/bucker/assets/js/jquery.nice-select.js]
[htmldemo.net/bucker/bucker/assets/js/jquery.magnific-popup.min.js]
[htmldemo.net/bucker/bucker/assets/js/jquery.scrollup.min.js]
[htmldemo.net/bucker/bucker/assets/fonts/ionicons28b5.eot]
[htmldemo.net/bucker/bucker/assets/js/jquery.zoom.min.js]
[htmldemo.net/bucker/bucker/assets/js/main.js]
[htmldemo.net/bucker/bucker/assets/js/jquery-ui.min.js]
[htmldemo.net/bucker/bucker/assets/fonts/ionicons28b5.ttf]
[htmldemo.net/bucker/bucker/assets/img/bg/featured-banner1.png]
[htmldemo.net/bucker/bucker/assets/img/bg/hero-bg2.png]
[htmldemo.net/bucker/bucker/assets/img/bg/featured-banner3.png]
[htmldemo.net/bucker/bucker/assets/fonts/ionicons28b5.woff]
[htmldemo.net/bucker/bucker/assets/img/bg/banner3.png]
[htmldemo.net/bucker/bucker/assets/img/bg/banner5.png]
[htmldemo.net/bucker/bucker/assets/img/bg/banner-fullwidth2.png]
[htmldemo.net/bucker/bucker/assets/img/others/breadcrumbs-bg.png]
[htmldemo.net/bucker/bucker/assets/img/bg/about-bg.png]
[htmldemo.net/bucker/bucker/assets/css/ionicons.min.css]
[htmldemo.net/bucker/bucker/assets/img/others/team1.png]
[htmldemo.net/bucker/bucker/assets/img/others/team2.png]
[htmldemo.net/bucker/bucker/assets/fonts/ionicons28b5.svg]
[htmldemo.net/bucker/bucker/assets/img/blog/blog-sticky.png]
[htmldemo.net/bucker/bucker/assets/img/blog/blog6.png]
[htmldemo.net/bucker/bucker/assets/img/blog/blog-small1.png]
[htmldemo.net/bucker/bucker/assets/fonts/Pe-icon-7-strokebb1d.eot]
[htmldemo.net/bucker/bucker/assets/img/others/contact-form-bg-shape.png]
[htmldemo.net/bucker/bucker/assets/js/ajax-mail.js]
[htmldemo.net/bucker/bucker/assets/fonts/ionicons28b5.eot]
[htmldemo.net/bucker/bucker/assets/fonts/Pe-icon-7-stroked41d.eot]
[htmldemo.net/bucker/bucker/assets/fonts/ionicons28b5.ttf]
[htmldemo.net/bucker/bucker/assets/fonts/ionicons28b5.woff]
[htmldemo.net/bucker/bucker/assets/fonts/Pe-icon-7-strokebb1d.woff]
[htmldemo.net/bucker/bucker/assets/fonts/Pe-icon-7-stroked41d.eot]
[htmldemo.net/bucker/bucker/assets/fonts/Pe-icon-7-strokebb1d.eot]
[htmldemo.net/bucker/bucker/assets/fonts/Pe-icon-7-strokebb1d.ttf]
[htmldemo.net/bucker/bucker/assets/css/pe-icon-7-stroke.css]
[htmldemo.net/bucker/bucker/assets/css/animate.css]
[htmldemo.net/bucker/bucker/assets/css/nice-select.css]
[htmldemo.net/bucker/bucker/assets/css/magnific-popup.css]
[htmldemo.net/bucker/bucker/assets/fonts/Pe-icon-7-strokebb1d.svg]
[htmldemo.net/bucker/bucker/assets/css/images/ui-icons_444444_256x240.png]
[htmldemo.net/bucker/bucker/assets/css/images/ui-icons_555555_256x240.png]
[htmldemo.net/bucker/bucker/assets/css/images/ui-icons_ffffff_256x240.png]
[htmldemo.net/bucker/bucker/assets/css/images/ui-icons_777620_256x240.png]
[htmldemo.net/bucker/bucker/assets/css/images/ui-icons_cc0000_256x240.png]
[htmldemo.net/bucker/bucker/assets/css/images/ui-icons_777777_256x240.png]
[htmldemo.net/bucker/bucker/assets/css/jquery-ui.min.css]
[htmldemo.net/bucker/bucker/assets/img/others/menu_shape.png]
[htmldemo.net/bucker/bucker/assets/css/style.css]
[htmldemo.net/bucker/bucker/index-2.html]
[gmpg.org/xfn/default.css]
[htmldemo.net/bucker/bucker/assets/fonts/ionicons28b5.svg]
[htmldemo.net/bucker/bucker/assets/fonts/Pe-icon-7-strokebb1d.svg]
[htmldemo.net/bucker/bucker/assets/css/images/ui-icons_444444_256x240.html]
[htmldemo.net/bucker/bucker/assets/css/images/ui-icons_555555_256x240.html]
[htmldemo.net/bucker/bucker/assets/css/images/ui-icons_ffffff_256x240.html]
[htmldemo.net/bucker/bucker/assets/css/images/ui-icons_777620_256x240.html]
[htmldemo.net/bucker/bucker/assets/css/images/ui-icons_cc0000_256x240.html]
[htmldemo.net/bucker/bucker/assets/css/images/ui-icons_777777_256x240.html]
